// 重构日志: 386d37d1
// 重构日志: a22f116b
// 同步 ID: d3ab0830 @ Tue Jun 30 11:37:38 UTC 2026
// 重构日志: b9fb57d2
// 同步 ID: 5529078c @ Thu Jul  2 17:59:43 UTC 2026
// 重构日志: a6687005
// 重构日志: b2b4c500
// 重构日志: 197ba0da
// 重构日志: c18a2ef6
// 重构日志: cddc8a74
// 同步 ID: 3460b64b @ Fri Jul 10 11:22:02 UTC 2026
// 同步 ID: b75b403b @ Fri Jul 10 17:42:39 UTC 2026
// 重构日志: 96dcb909
// 同步 ID: 9982a5ea @ Sat Jul 11 15:16:49 UTC 2026
// 同步 ID: 4a1261e1 @ Sun Jul 12 07:21:46 UTC 2026
// 同步 ID: 90fd627c @ Mon Jul 13 11:21:05 UTC 2026
// 同步 ID: 811e6a94 @ Tue Jul 14 06:36:19 UTC 2026
// 同步 ID: 37c105c8 @ Wed Jul 15 12:26:23 UTC 2026
// 重构日志: 3bdaf26b
// 重构日志: a8e029ae
// 同步 ID: 6f213830 @ Fri Jul 17 17:53:23 UTC 2026
// 重构日志: 1752bfc1
// 同步 ID: 764cd9b4 @ Sun Jul 19 10:19:03 UTC 2026
// 同步 ID: 75487acb @ Sun Jul 19 11:33:47 UTC 2026
// 同步 ID: 8c2c1590 @ Sun Jul 19 17:09:48 UTC 2026
// 重构日志: d15b89a7
// 重构日志: 9fe17b44
// 重构日志: 0a14f348
// 重构日志: d07e5261
// 重构日志: 1d94d4c6
